tests/union_fail.lua:2:1: Cannot assign value 'TODO: Nil' of type 'Nil' into the variable 'empty' of type 'Union(UnionType { variants: [Number, True, False, String] })'.
tests/union_fail.lua:5:1: Cannot assign value 'TODO: OrOperation(OrOperation { left: BooleanLiteral(true), right: StringLiteral("Hello") })' of type 'Union(UnionType { variants: [True, String] })' into the variable 'flag' of type 'Union(UnionType { variants: [True, False, Number] })'.
tests/union_fail.lua:8:1: Cannot assign value 'TODO: NumberLiteral(15.0)' of type 'Number' into the variable 'value' of type 'Union(UnionType { variants: [String, Nil] })'.
tests/union_fail.lua:11:1: Cannot assign value 'TODO: OrOperation(OrOperation { left: Nil, right: StringLiteral("Hello world!") })' of type 'String' into the variable 'text' of type 'Union(UnionType { variants: [Number, Nil, True, False] })'.
tests/union_fail.lua:14:1: Cannot assign value 'TODO: OrOperation(OrOperation { left: VarName("flag"), right: StringLiteral("text") })' of type 'Union(UnionType { variants: [True, Number, String] })' into the variable 'valueAgain' of type 'Union(UnionType { variants: [Number, String] })'.
